Archive member included to satisfy reference by file (symbol)

C:/ST/STM32CubeIDE_1.11.2/STM32CubeIDE/plugins/com.st.stm32cube.ide.mcu.externaltools.gnu-tools-for-stm32.12.3.rel1.win32_1.0.100.202403111256/tools/bin/../lib/gcc/arm-none-eabi/12.3.1/../../../../arm-none-eabi/lib/thumb/v7e-m+fp/hard\libc_nano.a(libc_a-exit.o)
                              C:/ST/STM32CubeIDE_1.11.2/STM32CubeIDE/plugins/com.st.stm32cube.ide.mcu.externaltools.gnu-tools-for-stm32.12.3.rel1.win32_1.0.100.202403111256/tools/bin/../lib/gcc/arm-none-eabi/12.3.1/../../../../arm-none-eabi/lib/thumb/v7e-m+fp/hard/crt0.o (exit)
C:/ST/STM32CubeIDE_1.11.2/STM32CubeIDE/plugins/com.st.stm32cube.ide.mcu.externaltools.gnu-tools-for-stm32.12.3.rel1.win32_1.0.100.202403111256/tools/bin/../lib/gcc/arm-none-eabi/12.3.1/../../../../arm-none-eabi/lib/thumb/v7e-m+fp/hard\libc_nano.a(libc_a-findfp.o)
                              C:/ST/STM32CubeIDE_1.11.2/STM32CubeIDE/plugins/com.st.stm32cube.ide.mcu.externaltools.gnu-tools-for-stm32.12.3.rel1.win32_1.0.100.202403111256/tools/bin/../lib/gcc/arm-none-eabi/12.3.1/../../../../arm-none-eabi/lib/thumb/v7e-m+fp/hard\libc_nano.a(libc_a-exit.o) (__stdio_exit_handler)
C:/ST/STM32CubeIDE_1.11.2/STM32CubeIDE/plugins/com.st.stm32cube.ide.mcu.externaltools.gnu-tools-for-stm32.12.3.rel1.win32_1.0.100.202403111256/tools/bin/../lib/gcc/arm-none-eabi/12.3.1/../../../../arm-none-eabi/lib/thumb/v7e-m+fp/hard\libc_nano.a(libc_a-fwalk.o)
                              C:/ST/STM32CubeIDE_1.11.2/STM32CubeIDE/plugins/com.st.stm32cube.ide.mcu.externaltools.gnu-tools-for-stm32.12.3.rel1.win32_1.0.100.202403111256/tools/bin/../lib/gcc/arm-none-eabi/12.3.1/../../../../arm-none-eabi/lib/thumb/v7e-m+fp/hard\libc_nano.a(libc_a-findfp.o) (_fwalk_sglue)
C:/ST/STM32CubeIDE_1.11.2/STM32CubeIDE/plugins/com.st.stm32cube.ide.mcu.externaltools.gnu-tools-for-stm32.12.3.rel1.win32_1.0.100.202403111256/tools/bin/../lib/gcc/arm-none-eabi/12.3.1/../../../../arm-none-eabi/lib/thumb/v7e-m+fp/hard\libc_nano.a(libc_a-printf.o)
                              ./Src/BOOT.o (printf)
C:/ST/STM32CubeIDE_1.11.2/STM32CubeIDE/plugins/com.st.stm32cube.ide.mcu.externaltools.gnu-tools-for-stm32.12.3.rel1.win32_1.0.100.202403111256/tools/bin/../lib/gcc/arm-none-eabi/12.3.1/../../../../arm-none-eabi/lib/thumb/v7e-m+fp/hard\libc_nano.a(libc_a-stdio.o)
                              C:/ST/STM32CubeIDE_1.11.2/STM32CubeIDE/plugins/com.st.stm32cube.ide.mcu.externaltools.gnu-tools-for-stm32.12.3.rel1.win32_1.0.100.202403111256/tools/bin/../lib/gcc/arm-none-eabi/12.3.1/../../../../arm-none-eabi/lib/thumb/v7e-m+fp/hard\libc_nano.a(libc_a-findfp.o) (__sread)
C:/ST/STM32CubeIDE_1.11.2/STM32CubeIDE/plugins/com.st.stm32cube.ide.mcu.externaltools.gnu-tools-for-stm32.12.3.rel1.win32_1.0.100.202403111256/tools/bin/../lib/gcc/arm-none-eabi/12.3.1/../../../../arm-none-eabi/lib/thumb/v7e-m+fp/hard\libc_nano.a(libc_a-memset.o)
                              C:/ST/STM32CubeIDE_1.11.2/STM32CubeIDE/plugins/com.st.stm32cube.ide.mcu.externaltools.gnu-tools-for-stm32.12.3.rel1.win32_1.0.100.202403111256/tools/bin/../lib/gcc/arm-none-eabi/12.3.1/../../../../arm-none-eabi/lib/thumb/v7e-m+fp/hard/crt0.o (memset)
C:/ST/STM32CubeIDE_1.11.2/STM32CubeIDE/plugins/com.st.stm32cube.ide.mcu.externaltools.gnu-tools-for-stm32.12.3.rel1.win32_1.0.100.202403111256/tools/bin/../lib/gcc/arm-none-eabi/12.3.1/../../../../arm-none-eabi/lib/thumb/v7e-m+fp/hard\libc_nano.a(libc_a-closer.o)
                              C:/ST/STM32CubeIDE_1.11.2/STM32CubeIDE/plugins/com.st.stm32cube.ide.mcu.externaltools.gnu-tools-for-stm32.12.3.rel1.win32_1.0.100.202403111256/tools/bin/../lib/gcc/arm-none-eabi/12.3.1/../../../../arm-none-eabi/lib/thumb/v7e-m+fp/hard\libc_nano.a(libc_a-stdio.o) (_close_r)
C:/ST/STM32CubeIDE_1.11.2/STM32CubeIDE/plugins/com.st.stm32cube.ide.mcu.externaltools.gnu-tools-for-stm32.12.3.rel1.win32_1.0.100.202403111256/tools/bin/../lib/gcc/arm-none-eabi/12.3.1/../../../../arm-none-eabi/lib/thumb/v7e-m+fp/hard\libc_nano.a(libc_a-reent.o)
                              C:/ST/STM32CubeIDE_1.11.2/STM32CubeIDE/plugins/com.st.stm32cube.ide.mcu.externaltools.gnu-tools-for-stm32.12.3.rel1.win32_1.0.100.202403111256/tools/bin/../lib/gcc/arm-none-eabi/12.3.1/../../../../arm-none-eabi/lib/thumb/v7e-m+fp/hard\libc_nano.a(libc_a-closer.o) (errno)
C:/ST/STM32CubeIDE_1.11.2/STM32CubeIDE/plugins/com.st.stm32cube.ide.mcu.externaltools.gnu-tools-for-stm32.12.3.rel1.win32_1.0.100.202403111256/tools/bin/../lib/gcc/arm-none-eabi/12.3.1/../../../../arm-none-eabi/lib/thumb/v7e-m+fp/hard\libc_nano.a(libc_a-impure.o)
                              C:/ST/STM32CubeIDE_1.11.2/STM32CubeIDE/plugins/com.st.stm32cube.ide.mcu.externaltools.gnu-tools-for-stm32.12.3.rel1.win32_1.0.100.202403111256/tools/bin/../lib/gcc/arm-none-eabi/12.3.1/../../../../arm-none-eabi/lib/thumb/v7e-m+fp/hard\libc_nano.a(libc_a-printf.o) (_impure_ptr)
[...]
Memory Configuration

Name             Origin             Length             Attributes
RAM              0x20000000         0x00018000         xrw
FLASH            0x08000000         0x00080000         xr
*default*        0x00000000         0xffffffff

Linker script and memory map

LOAD C:/ST/STM32CubeIDE_1.11.2/STM32CubeIDE/plugins/com.st.stm32cube.ide.mcu.externaltools.gnu-tools-for-stm32.12.3.rel1.win32_1.0.100.202403111256/tools/bin/../lib/gcc/arm-none-eabi/12.3.1/thumb/v7e-m+fp/hard/crti.o
LOAD C:/ST/STM32CubeIDE_1.11.2/STM32CubeIDE/plugins/com.st.stm32cube.ide.mcu.externaltools.gnu-tools-for-stm32.12.3.rel1.win32_1.0.100.202403111256/tools/bin/../lib/gcc/arm-none-eabi/12.3.1/thumb/v7e-m+fp/hard/crtbegin.o
LOAD C:/ST/STM32CubeIDE_1.11.2/STM32CubeIDE/plugins/com.st.stm32cube.ide.mcu.externaltools.gnu-tools-for-stm32.12.3.rel1.win32_1.0.100.202403111256/tools/bin/../lib/gcc/arm-none-eabi/12.3.1/../../../../arm-none-eabi/lib/thumb/v7e-m+fp/hard/crt0.o
LOAD ./Src/BOOT.o
LOAD ./Src/main.o
LOAD ./Src/syscalls.o
LOAD ./Src/sysmem.o
LOAD ./Src/Drivers/CRC.o
LOAD ./Src/Drivers/LED.o
LOAD ./Src/Drivers/SPI.o
LOAD ./Src/Drivers/SYSTICK.o
LOAD ./Src/Drivers/UART.o
LOAD ./Src/Libraries/W25Qxx.o
LOAD ./Startup/startup_stm32f401retx.o
START GROUP
LOAD C:/ST/STM32CubeIDE_1.11.2/STM32CubeIDE/plugins/com.st.stm32cube.ide.mcu.externaltools.gnu-tools-for-stm32.12.3.rel1.win32_1.0.100.202403111256/tools/bin/../lib/gcc/arm-none-eabi/12.3.1/../../../../arm-none-eabi/lib/thumb/v7e-m+fp/hard\libc_nano.a
LOAD C:/ST/STM32CubeIDE_1.11.2/STM32CubeIDE/plugins/com.st.stm32cube.ide.mcu.externaltools.gnu-tools-for-stm32.12.3.rel1.win32_1.0.100.202403111256/tools/bin/../lib/gcc/arm-none-eabi/12.3.1/../../../../arm-none-eabi/lib/thumb/v7e-m+fp/hard\libm.a
END GROUP
START GROUP
LOAD C:/ST/STM32CubeIDE_1.11.2/STM32CubeIDE/plugins/com.st.stm32cube.ide.mcu.externaltools.gnu-tools-for-stm32.12.3.rel1.win32_1.0.100.202403111256/tools/bin/../lib/gcc/arm-none-eabi/12.3.1/thumb/v7e-m+fp/hard\libgcc.a
LOAD C:/ST/STM32CubeIDE_1.11.2/STM32CubeIDE/plugins/com.st.stm32cube.ide.mcu.externaltools.gnu-tools-for-stm32.12.3.rel1.win32_1.0.100.202403111256/tools/bin/../lib/gcc/arm-none-eabi/12.3.1/../../../../arm-none-eabi/lib/thumb/v7e-m+fp/hard\libc_nano.a
END GROUP
START GROUP
LOAD C:/ST/STM32CubeIDE_1.11.2/STM32CubeIDE/plugins/com.st.stm32cube.ide.mcu.externaltools.gnu-tools-for-stm32.12.3.rel1.win32_1.0.100.202403111256/tools/bin/../lib/gcc/arm-none-eabi/12.3.1/thumb/v7e-m+fp/hard\libgcc.a
LOAD C:/ST/STM32CubeIDE_1.11.2/STM32CubeIDE/plugins/com.st.stm32cube.ide.mcu.externaltools.gnu-tools-for-stm32.12.3.rel1.win32_1.0.100.202403111256/tools/bin/../lib/gcc/arm-none-eabi/12.3.1/../../../../arm-none-eabi/lib/thumb/v7e-m+fp/hard\libc_nano.a
LOAD C:/ST/STM32CubeIDE_1.11.2/STM32CubeIDE/plugins/com.st.stm32cube.ide.mcu.externaltools.gnu-tools-for-stm32.12.3.rel1.win32_1.0.100.202403111256/tools/bin/../lib/gcc/arm-none-eabi/12.3.1/../../../../arm-none-eabi/lib/thumb/v7e-m+fp/hard\libnosys.a
END GROUP
START GROUP
LOAD C:/ST/STM32CubeIDE_1.11.2/STM32CubeIDE/plugins/com.st.stm32cube.ide.mcu.externaltools.gnu-tools-for-stm32.12.3.rel1.win32_1.0.100.202403111256/tools/bin/../lib/gcc/arm-none-eabi/12.3.1/thumb/v7e-m+fp/hard\libgcc.a
LOAD C:/ST/STM32CubeIDE_1.11.2/STM32CubeIDE/plugins/com.st.stm32cube.ide.mcu.externaltools.gnu-tools-for-stm32.12.3.rel1.win32_1.0.100.202403111256/tools/bin/../lib/gcc/arm-none-eabi/12.3.1/../../../../arm-none-eabi/lib/thumb/v7e-m+fp/hard\libc_nano.a
LOAD C:/ST/STM32CubeIDE_1.11.2/STM32CubeIDE/plugins/com.st.stm32cube.ide.mcu.externaltools.gnu-tools-for-stm32.12.3.rel1.win32_1.0.100.202403111256/tools/bin/../lib/gcc/arm-none-eabi/12.3.1/../../../../arm-none-eabi/lib/thumb/v7e-m+fp/hard\libnosys.a
END GROUP
LOAD C:/ST/STM32CubeIDE_1.11.2/STM32CubeIDE/plugins/com.st.stm32cube.ide.mcu.externaltools.gnu-tools-for-stm32.12.3.rel1.win32_1.0.100.202403111256/tools/bin/../lib/gcc/arm-none-eabi/12.3.1/thumb/v7e-m+fp/hard/crtend.o
LOAD C:/ST/STM32CubeIDE_1.11.2/STM32CubeIDE/plugins/com.st.stm32cube.ide.mcu.externaltools.gnu-tools-for-stm32.12.3.rel1.win32_1.0.100.202403111256/tools/bin/../lib/gcc/arm-none-eabi/12.3.1/thumb/v7e-m+fp/hard/crtn.o
                0x20018000                        _estack = (ORIGIN (RAM) + LENGTH (RAM))
                0x00000200                        _Min_Heap_Size = 0x200
                0x00000400                        _Min_Stack_Size = 0x400

.isr_vector     0x08000000      0x194
                0x08000000                        . = ALIGN (0x4)
 *(.isr_vector)
 .isr_vector    0x08000000      0x194 ./Startup/startup_stm32f401retx.o
                0x08000000                g_pfnVectors
                0x08000194                        . = ALIGN (0x4)

.text           0x08000194      0x104
                0x08000194                        . = ALIGN (0x4)
 *(.text)
 .text          0x08000194       0x40 C:/ST/STM32CubeIDE_1.11.2/STM32CubeIDE/plugins/com.st.stm32cube.ide.mcu.externaltools.gnu-tools-for-stm32.12.3.rel1.win32_1.0.100.202403111256/tools/bin/../lib/gcc/arm-none-eabi/12.3.1/thumb/v7e-m+fp/hard/crtbegin.o
 *(.text*)
 .text.main     0x080001d4       0x10 ./Src/main.o
                0x080001d4                main
 .text.Reset_Handler
                0x080001e4       0x50 ./Startup/startup_stm32f401retx.o
                0x080001e4                Reset_Handler
 .text.Default_Handler
                0x08000234        0x2 ./Startup/startup_stm32f401retx.o
                0x08000234                EXTI2_IRQHandler
                0x08000234                DebugMon_Handler
                0x08000234                SPI4_IRQHandler
                0x08000234                TIM1_CC_IRQHandler
                0x08000234                DMA2_Stream5_IRQHandler
                0x08000234                HardFault_Handler
                0x08000234                DMA1_Stream5_IRQHandler
                0x08000234                SysTick_Handler
                0x08000234                SDIO_IRQHandler
                0x08000234                TAMP_STAMP_IRQHandler
                0x08000234                PendSV_Handler
                0x08000234                NMI_Handler
                0x08000234                EXTI3_IRQHandler
                0x08000234                TIM1_UP_TIM10_IRQHandler
                0x08000234                I2C3_ER_IRQHandler
                0x08000234                EXTI18_OTG_FS_WKUP_IRQHandler
                0x08000234                EXTI0_IRQHandler
                0x08000234                I2C2_EV_IRQHandler
                0x08000234                DMA1_Stream2_IRQHandler
                0x08000234                UsageFault_Handler
                0x08000234                DMA2_Stream2_IRQHandler
                0x08000234                SPI1_IRQHandler
                0x08000234                TIM1_BRK_TIM9_IRQHandler
                0x08000234                DMA2_Stream3_IRQHandler
                0x08000234                USART6_IRQHandler
                0x08000234                DMA2_Stream0_IRQHandler
                0x08000234                TIM4_IRQHandler
                0x08000234                I2C1_EV_IRQHandler
                0x08000234                DMA1_Stream6_IRQHandler
                0x08000234                DMA1_Stream1_IRQHandler
                0x08000234                TIM3_IRQHandler
                0x08000234                RCC_IRQHandler
                0x08000234                Default_Handler
                0x08000234                EXTI15_10_IRQHandler
                0x08000234                ADC_IRQHandler
                0x08000234                DMA1_Stream7_IRQHandler
                0x08000234                TIM5_IRQHandler
                0x08000234                DMA2_Stream7_IRQHandler
                0x08000234                I2C3_EV_IRQHandler
                0x08000234                EXTI9_5_IRQHandler
                0x08000234                SPI2_IRQHandler
                0x08000234                MemManage_Handler
                0x08000234                DMA1_Stream0_IRQHandler
                0x08000234                SVC_Handler
                0x08000234                EXTI4_IRQHandler
                0x08000234                EXTI22_RTC_WKUP_IRQHandler
                0x08000234                TIM2_IRQHandler
                0x08000234                EXTI16_PVD_IRQHandler
                0x08000234                TIM1_TRG_COM_TIM11_IRQHandler
                0x08000234                EXTI1_IRQHandler
                0x08000234                EXTI17_RTC_Alarm_IRQHandler
                0x08000234                USART2_IRQHandler
                0x08000234                I2C2_ER_IRQHandler
                0x08000234                DMA2_Stream1_IRQHandler
                0x08000234                FLASH_IRQHandler
                0x08000234                DMA2_Stream4_IRQHandler
                0x08000234                BusFault_Handler
                0x08000234                USART1_IRQHandler
                0x08000234                OTG_FS_IRQHandler
                0x08000234                SPI3_IRQHandler
                0x08000234                DMA1_Stream4_IRQHandler
                0x08000234                I2C1_ER_IRQHandler
                0x08000234                DMA2_Stream6_IRQHandler
                0x08000234                DMA1_Stream3_IRQHandler
 *fill*         0x08000236        0x2 
 .text.__libc_init_array
                0x08000238       0x48 C:/ST/STM32CubeIDE_1.11.2/STM32CubeIDE/plugins/com.st.stm32cube.ide.mcu.externaltools.gnu-tools-for-stm32.12.3.rel1.win32_1.0.100.202403111256/tools/bin/../lib/gcc/arm-none-eabi/12.3.1/../../../../arm-none-eabi/lib/thumb/v7e-m+fp/hard\libc_nano.a(libc_a-init.o)
                0x08000238                __libc_init_array
 *(.glue_7)
 .glue_7        0x08000280        0x0 linker stubs
 *(.glue_7t)
 .glue_7t       0x08000280        0x0 linker stubs
 *(.eh_frame)
 .eh_frame      0x08000280        0x0 C:/ST/STM32CubeIDE_1.11.2/STM32CubeIDE/plugins/com.st.stm32cube.ide.mcu.externaltools.gnu-tools-for-stm32.12.3.rel1.win32_1.0.100.202403111256/tools/bin/../lib/gcc/arm-none-eabi/12.3.1/thumb/v7e-m+fp/hard/crtbegin.o
 *(.init)
 .init          0x08000280        0x4 C:/ST/STM32CubeIDE_1.11.2/STM32CubeIDE/plugins/com.st.stm32cube.ide.mcu.externaltools.gnu-tools-for-stm32.12.3.rel1.win32_1.0.100.202403111256/tools/bin/../lib/gcc/arm-none-eabi/12.3.1/thumb/v7e-m+fp/hard/crti.o
                0x08000280                _init
 .init          0x08000284        0x8 C:/ST/STM32CubeIDE_1.11.2/STM32CubeIDE/plugins/com.st.stm32cube.ide.mcu.externaltools.gnu-tools-for-stm32.12.3.rel1.win32_1.0.100.202403111256/tools/bin/../lib/gcc/arm-none-eabi/12.3.1/thumb/v7e-m+fp/hard/crtn.o
 *(.fini)
 .fini          0x0800028c        0x4 C:/ST/STM32CubeIDE_1.11.2/STM32CubeIDE/plugins/com.st.stm32cube.ide.mcu.externaltools.gnu-tools-for-stm32.12.3.rel1.win32_1.0.100.202403111256/tools/bin/../lib/gcc/arm-none-eabi/12.3.1/thumb/v7e-m+fp/hard/crti.o
                0x0800028c                _fini
 .fini          0x08000290        0x8 C:/ST/STM32CubeIDE_1.11.2/STM32CubeIDE/plugins/com.st.stm32cube.ide.mcu.externaltools.gnu-tools-for-stm32.12.3.rel1.win32_1.0.100.202403111256/tools/bin/../lib/gcc/arm-none-eabi/12.3.1/thumb/v7e-m+fp/hard/crtn.o
                0x08000298                        . = ALIGN (0x4)
                0x08000298                        _etext = .

.vfp11_veneer   0x08000298        0x0
 .vfp11_veneer  0x08000298        0x0 linker stubs

.v4_bx          0x08000298        0x0
 .v4_bx         0x08000298        0x0 linker stubs

.iplt           0x08000298        0x0
 .iplt          0x08000298        0x0 C:/ST/STM32CubeIDE_1.11.2/STM32CubeIDE/plugins/com.st.stm32cube.ide.mcu.externaltools.gnu-tools-for-stm32.12.3.rel1.win32_1.0.100.202403111256/tools/bin/../lib/gcc/arm-none-eabi/12.3.1/thumb/v7e-m+fp/hard/crtbegin.o

.rodata         0x08000298        0x0
                0x08000298                        . = ALIGN (0x4)
 *(.rodata)
 *(.rodata*)
                0x08000298                        . = ALIGN (0x4)

.ARM.extab      0x08000298        0x0
                0x08000298                        . = ALIGN (0x4)
 *(.ARM.extab* .gnu.linkonce.armextab.*)
                0x08000298                        . = ALIGN (0x4)

.ARM            0x08000298        0x0
                0x08000298                        . = ALIGN (0x4)
                0x08000298                        __exidx_start = .
 *(.ARM.exidx*)
                0x08000298                        __exidx_end = .
                0x08000298                        . = ALIGN (0x4)

.preinit_array  0x08000298        0x0
                0x08000298                        . = ALIGN (0x4)
                0x08000298                        PROVIDE (__preinit_array_start = .)
 *(.preinit_array*)
                0x08000298                        PROVIDE (__preinit_array_end = .)
                0x08000298                        . = ALIGN (0x4)

.init_array     0x08000298        0x4
                0x08000298                        . = ALIGN (0x4)
                0x08000298                        PROVIDE (__init_array_start = .)
 *(SORT_BY_NAME(.init_array.*))
 *(.init_array*)
 .init_array    0x08000298        0x4 C:/ST/STM32CubeIDE_1.11.2/STM32CubeIDE/plugins/com.st.stm32cube.ide.mcu.externaltools.gnu-tools-for-stm32.12.3.rel1.win32_1.0.100.202403111256/tools/bin/../lib/gcc/arm-none-eabi/12.3.1/thumb/v7e-m+fp/hard/crtbegin.o
                0x0800029c                        PROVIDE (__init_array_end = .)
                0x0800029c                        . = ALIGN (0x4)

.fini_array     0x0800029c        0x4
                0x0800029c                        . = ALIGN (0x4)
                [!provide]                        PROVIDE (__fini_array_start = .)
 *(SORT_BY_NAME(.fini_array.*))
 *(.fini_array*)
 .fini_array    0x0800029c        0x4 C:/ST/STM32CubeIDE_1.11.2/STM32CubeIDE/plugins/com.st.stm32cube.ide.mcu.externaltools.gnu-tools-for-stm32.12.3.rel1.win32_1.0.100.202403111256/tools/bin/../lib/gcc/arm-none-eabi/12.3.1/thumb/v7e-m+fp/hard/crtbegin.o
                [!provide]                        PROVIDE (__fini_array_end = .)
                0x080002a0                        . = ALIGN (0x4)
                0x080002a0                        _sidata = LOADADDR (.data)

.rel.dyn        0x080002a0        0x0
 .rel.iplt      0x080002a0        0x0 C:/ST/STM32CubeIDE_1.11.2/STM32CubeIDE/plugins/com.st.stm32cube.ide.mcu.externaltools.gnu-tools-for-stm32.12.3.rel1.win32_1.0.100.202403111256/tools/bin/../lib/gcc/arm-none-eabi/12.3.1/thumb/v7e-m+fp/hard/crtbegin.o

.data           0x20000000        0x0 load address 0x080002a0
                0x20000000                        . = ALIGN (0x4)
                0x20000000                        _sdata = .
 *(.data)
 *(.data*)
 *(.RamFunc)
 *(.RamFunc*)
                0x20000000                        . = ALIGN (0x4)
                0x20000000                        _edata = .

.igot.plt       0x20000000        0x0 load address 0x080002a0
 .igot.plt      0x20000000        0x0 C:/ST/STM32CubeIDE_1.11.2/STM32CubeIDE/plugins/com.st.stm32cube.ide.mcu.externaltools.gnu-tools-for-stm32.12.3.rel1.win32_1.0.100.202403111256/tools/bin/../lib/gcc/arm-none-eabi/12.3.1/thumb/v7e-m+fp/hard/crtbegin.o
                0x20000000                        . = ALIGN (0x4)

.bss            0x20000000       0x1c load address 0x080002a0
                0x20000000                        _sbss = .
                0x20000000                        __bss_start__ = _sbss
 *(.bss)
 .bss           0x20000000       0x1c C:/ST/STM32CubeIDE_1.11.2/STM32CubeIDE/plugins/com.st.stm32cube.ide.mcu.externaltools.gnu-tools-for-stm32.12.3.rel1.win32_1.0.100.202403111256/tools/bin/../lib/gcc/arm-none-eabi/12.3.1/thumb/v7e-m+fp/hard/crtbegin.o
 *(.bss*)
 *(COMMON)
                0x2000001c                        . = ALIGN (0x4)
                0x2000001c                        _ebss = .
                0x2000001c                        __bss_end__ = _ebss

._user_heap_stack
                0x2000001c      0x604 load address 0x080002a0
                0x20000020                        . = ALIGN (0x8)
 *fill*         0x2000001c        0x4 
                [!provide]                        PROVIDE (end = .)
                0x20000020                        PROVIDE (_end = .)
                0x20000220                        . = (. + _Min_Heap_Size)
 *fill*         0x20000020      0x200 
                0x20000620                        . = (. + _Min_Stack_Size)
 *fill*         0x20000220      0x400 
                0x20000620                        . = ALIGN (0x8)

/DISCARD/
 libc.a(*)
 libm.a(*)
 libgcc.a(*)

.ARM.attributes
                0x00000000       0x30
 *(.ARM.attributes)
 .ARM.attributes
                0x00000000       0x22 C:/ST/STM32CubeIDE_1.11.2/STM32CubeIDE/plugins/com.st.stm32cube.ide.mcu.externaltools.gnu-tools-for-stm32.12.3.rel1.win32_1.0.100.202403111256/tools/bin/../lib/gcc/arm-none-eabi/12.3.1/thumb/v7e-m+fp/hard/crti.o
 .ARM.attributes
                0x00000022       0x34 C:/ST/STM32CubeIDE_1.11.2/STM32CubeIDE/plugins/com.st.stm32cube.ide.mcu.externaltools.gnu-tools-for-stm32.12.3.rel1.win32_1.0.100.202403111256/tools/bin/../lib/gcc/arm-none-eabi/12.3.1/thumb/v7e-m+fp/hard/crtbegin.o
 .ARM.attributes
                0x00000056       0x34 ./Src/main.o
 .ARM.attributes
                0x0000008a       0x21 ./Startup/startup_stm32f401retx.o
 .ARM.attributes
                0x000000ab       0x34 C:/ST/STM32CubeIDE_1.11.2/STM32CubeIDE/plugins/com.st.stm32cube.ide.mcu.externaltools.gnu-tools-for-stm32.12.3.rel1.win32_1.0.100.202403111256/tools/bin/../lib/gcc/arm-none-eabi/12.3.1/../../../../arm-none-eabi/lib/thumb/v7e-m+fp/hard\libc_nano.a(libc_a-init.o)
 .ARM.attributes
                0x000000df       0x22 C:/ST/STM32CubeIDE_1.11.2/STM32CubeIDE/plugins/com.st.stm32cube.ide.mcu.externaltools.gnu-tools-for-stm32.12.3.rel1.win32_1.0.100.202403111256/tools/bin/../lib/gcc/arm-none-eabi/12.3.1/thumb/v7e-m+fp/hard/crtn.o
OUTPUT(BOOT0.elf elf32-littlearm)
LOAD linker stubs
LOAD C:/ST/STM32CubeIDE_1.11.2/STM32CubeIDE/plugins/com.st.stm32cube.ide.mcu.externaltools.gnu-tools-for-stm32.12.3.rel1.win32_1.0.100.202403111256/tools/bin/../lib/gcc/arm-none-eabi/12.3.1/../../../../arm-none-eabi/lib/thumb/v7e-m+fp/hard\libc.a
LOAD C:/ST/STM32CubeIDE_1.11.2/STM32CubeIDE/plugins/com.st.stm32cube.ide.mcu.externaltools.gnu-tools-for-stm32.12.3.rel1.win32_1.0.100.202403111256/tools/bin/../lib/gcc/arm-none-eabi/12.3.1/../../../../arm-none-eabi/lib/thumb/v7e-m+fp/hard\libm.a
LOAD C:/ST/STM32CubeIDE_1.11.2/STM32CubeIDE/plugins/com.st.stm32cube.ide.mcu.externaltools.gnu-tools-for-stm32.12.3.rel1.win32_1.0.100.202403111256/tools/bin/../lib/gcc/arm-none-eabi/12.3.1/thumb/v7e-m+fp/hard\libgcc.a

.debug_info     0x00000000       0xc5
 .debug_info    0x00000000       0x95 ./Src/main.o
 .debug_info    0x00000095       0x30 ./Startup/startup_stm32f401retx.o

.debug_abbrev   0x00000000       0x69
 .debug_abbrev  0x00000000       0x45 ./Src/main.o
 .debug_abbrev  0x00000045       0x24 ./Startup/startup_stm32f401retx.o

.debug_aranges  0x00000000       0x48
 .debug_aranges
                0x00000000       0x20 ./Src/main.o
 .debug_aranges
                0x00000020       0x28 ./Startup/startup_stm32f401retx.o

.debug_rnglists
                0x00000000       0x2c
 .debug_rnglists
                0x00000000       0x13 ./Src/main.o
 .debug_rnglists
                0x00000013       0x19 ./Startup/startup_stm32f401retx.o

.debug_macro    0x00000000      0x15d
 .debug_macro   0x00000000      0x15d ./Src/main.o

.debug_line     0x00000000      0x607
 .debug_line    0x00000000      0x58c ./Src/main.o
 .debug_line    0x0000058c       0x7b ./Startup/startup_stm32f401retx.o

.debug_str      0x00000000     0x761a
 .debug_str     0x00000000     0x75db ./Src/main.o
                               0x77bd (size before relaxing)
 .debug_str     0x000075db       0x3f ./Startup/startup_stm32f401retx.o
                                 0x75 (size before relaxing)

.comment        0x00000000       0x43
 .comment       0x00000000       0x43 ./Src/main.o
                                 0x44 (size before relaxing)

.debug_frame    0x00000000       0x5c
 .debug_frame   0x00000000       0x30 ./Src/main.o
 .debug_frame   0x00000030       0x2c C:/ST/STM32CubeIDE_1.11.2/STM32CubeIDE/plugins/com.st.stm32cube.ide.mcu.externaltools.gnu-tools-for-stm32.12.3.rel1.win32_1.0.100.202403111256/tools/bin/../lib/gcc/arm-none-eabi/12.3.1/../../../../arm-none-eabi/lib/thumb/v7e-m+fp/hard\libc_nano.a(libc_a-init.o)

.debug_line_str
                0x00000000       0x59
 .debug_line_str
                0x00000000       0x59 ./Startup/startup_stm32f401retx.o
