../Src/BOOT.c:33:13:PrintBanner	8	static
../Src/BOOT.c:58:6:BOOT_Init	8	static
../Src/BOOT.c:68:13:BOOT_DeInit	8	static
../Src/BOOT.c:77:13:FillSlotMetadata	24	static
../Src/BOOT.c:93:13:FillCodeMetadata	32	static
../Src/BOOT.c:109:13:VerifyAppChecksum	32	static
../Src/BOOT.c:126:13:ShowAvailableApplications	40	static
../Src/BOOT.c:136:13:ChooseApplication	24	static
../Src/BOOT.c:146:13:FindApplications	8	static
../Src/BOOT.c:158:10:BOOT_LocateApplication	16	static
../Src/BOOT.c:174:13:BOOT_NewFirmwareAvailable	4	static
../Src/BOOT.c:179:6:BOOT_VerifyApplication	16	static
../Src/BOOT.c:196:6:BOOT_LoadApplication	4	static
../Src/BOOT.c:215:6:BOOT_HandleErrors	8	static
